// Jest Snapshot v1, https://goo.gl/fbAQLP

exports[`matches snapshot 1`] = `
<div>
  <div
    class="MuiGrid-root MuiGrid-container MuiGrid-spacing-xs-3 MuiGrid-justify-xs-center"
  >
    <div
      class="MuiGrid-root MuiGrid-item MuiGrid-grid-xs-12"
    >
      <h3
        class="MuiTypography-root MuiTypography-h3 MuiTypography-gutterBottom"
      >
        Please confirm your selection:
      </h3>
    </div>
    <div
      class="MuiGrid-root MuiGrid-item MuiGrid-grid-xs-12 MuiGrid-grid-sm-3"
    >
      <div
        class="MuiPaper-root MuiCard-root makeStyles-root-1 MuiPaper-outlined MuiPaper-rounded"
      >
        <button
          class="MuiButtonBase-root MuiCardActionArea-root makeStyles-boarder-4"
          tabindex="0"
          type="button"
        >
          <div
            class="MuiCardHeader-root"
          >
            <div
              class="MuiCardHeader-content"
            >
              <span
                class="MuiTypography-root MuiCardHeader-title MuiTypography-h5 MuiTypography-displayBlock"
              >
                Red Dog travelling by Train
              </span>
            </div>
          </div>
          <div
            class="MuiCardContent-root"
            style="background-color: LightCoral;"
          >
            <div
              class="MuiTypography-root makeStyles-smallEmoji-3 MuiTypography-body1"
            >
              üê∂
            </div>
            <div
              class="MuiTypography-root makeStyles-smallEmoji-3 MuiTypography-body1"
            >
              üöÜ
            </div>
          </div>
          <span
            class="MuiCardActionArea-focusHighlight"
          />
          <span
            class="MuiTouchRipple-root"
          />
        </button>
      </div>
    </div>
  </div>
</div>
`;
