// Jest Snapshot v1, https://goo.gl/fbAQLP

exports[`matches snapshot 1`] = `
<div>
  <div
    class="MuiGrid-root MuiGrid-container MuiGrid-spacing-xs-5 MuiGrid-justify-xs-center"
  >
    <div
      class="MuiGrid-root MuiGrid-item MuiGrid-grid-xs-12 MuiGrid-grid-sm-3"
    >
      <div
        class="MuiPaper-root MuiCard-root makeStyles-root-1 MuiPaper-outlined MuiPaper-rounded"
      >
        <button
          class="MuiButtonBase-root MuiCardActionArea-root makeStyles-boarder-4"
          tabindex="0"
          type="button"
        >
          <div
            class="MuiCardHeader-root"
          >
            <div
              class="MuiCardHeader-content"
            >
              <span
                class="MuiTypography-root MuiCardHeader-title MuiTypography-h5 MuiTypography-displayBlock"
              >
                Walk
              </span>
            </div>
          </div>
          <div
            class="MuiCardContent-root"
          >
            <div
              class="MuiTypography-root makeStyles-bigEmoji-2 MuiTypography-body1"
            >
              ðŸ¥¾
            </div>
          </div>
          <span
            class="MuiCardActionArea-focusHighlight"
          />
          <span
            class="MuiTouchRipple-root"
          />
        </button>
      </div>
    </div>
    <div
      class="MuiGrid-root MuiGrid-item MuiGrid-grid-xs-12 MuiGrid-grid-sm-3"
    >
      <div
        class="MuiPaper-root MuiCard-root makeStyles-root-1 MuiPaper-outlined MuiPaper-rounded"
      >
        <button
          class="MuiButtonBase-root MuiCardActionArea-root makeStyles-boarder-4"
          tabindex="0"
          type="button"
        >
          <div
            class="MuiCardHeader-root"
          >
            <div
              class="MuiCardHeader-content"
            >
              <span
                class="MuiTypography-root MuiCardHeader-title MuiTypography-h5 MuiTypography-displayBlock"
              >
                Bike
              </span>
            </div>
          </div>
          <div
            class="MuiCardContent-root"
          >
            <div
              class="MuiTypography-root makeStyles-bigEmoji-2 MuiTypography-body1"
            >
              ðŸš²
            </div>
          </div>
          <span
            class="MuiCardActionArea-focusHighlight"
          />
          <span
            class="MuiTouchRipple-root"
          />
        </button>
      </div>
    </div>
    <div
      class="MuiGrid-root MuiGrid-item MuiGrid-grid-xs-12 MuiGrid-grid-sm-3"
    >
      <div
        class="MuiPaper-root MuiCard-root makeStyles-root-1 MuiPaper-outlined MuiPaper-rounded"
      >
        <button
          class="MuiButtonBase-root MuiCardActionArea-root makeStyles-boarder-4"
          tabindex="0"
          type="button"
        >
          <div
            class="MuiCardHeader-root"
          >
            <div
              class="MuiCardHeader-content"
            >
              <span
                class="MuiTypography-root MuiCardHeader-title MuiTypography-h5 MuiTypography-displayBlock"
              >
                Bus
              </span>
            </div>
          </div>
          <div
            class="MuiCardContent-root"
          >
            <div
              class="MuiTypography-root makeStyles-bigEmoji-2 MuiTypography-body1"
            >
              ðŸšŒ
            </div>
          </div>
          <span
            class="MuiCardActionArea-focusHighlight"
          />
          <span
            class="MuiTouchRipple-root"
          />
        </button>
      </div>
    </div>
    <div
      class="MuiGrid-root MuiGrid-item MuiGrid-grid-xs-12 MuiGrid-grid-sm-3"
    >
      <div
        class="MuiPaper-root MuiCard-root makeStyles-root-1 MuiPaper-outlined MuiPaper-rounded"
      >
        <button
          class="MuiButtonBase-root MuiCardActionArea-root makeStyles-boarder-4"
          tabindex="0"
          type="button"
        >
          <div
            class="MuiCardHeader-root"
          >
            <div
              class="MuiCardHeader-content"
            >
              <span
                class="MuiTypography-root MuiCardHeader-title MuiTypography-h5 MuiTypography-displayBlock"
              >
                Train
              </span>
            </div>
          </div>
          <div
            class="MuiCardContent-root"
          >
            <div
              class="MuiTypography-root makeStyles-bigEmoji-2 MuiTypography-body1"
            >
              ðŸš†
            </div>
          </div>
          <span
            class="MuiCardActionArea-focusHighlight"
          />
          <span
            class="MuiTouchRipple-root"
          />
        </button>
      </div>
    </div>
    <div
      class="MuiGrid-root MuiGrid-item MuiGrid-grid-xs-12 MuiGrid-grid-sm-3"
    >
      <div
        class="MuiPaper-root MuiCard-root makeStyles-root-1 MuiPaper-outlined MuiPaper-rounded"
      >
        <button
          class="MuiButtonBase-root MuiCardActionArea-root makeStyles-boarder-4"
          tabindex="0"
          type="button"
        >
          <div
            class="MuiCardHeader-root"
          >
            <div
              class="MuiCardHeader-content"
            >
              <span
                class="MuiTypography-root MuiCardHeader-title MuiTypography-h5 MuiTypography-displayBlock"
              >
                Petrol Car
              </span>
            </div>
          </div>
          <div
            class="MuiCardContent-root"
          >
            <div
              class="MuiTypography-root makeStyles-smallEmoji-3 MuiTypography-body1"
            >
              ðŸš˜ðŸ‡µ
            </div>
          </div>
          <span
            class="MuiCardActionArea-focusHighlight"
          />
          <span
            class="MuiTouchRipple-root"
          />
        </button>
      </div>
    </div>
    <div
      class="MuiGrid-root MuiGrid-item MuiGrid-grid-xs-12 MuiGrid-grid-sm-3"
    >
      <div
        class="MuiPaper-root MuiCard-root makeStyles-root-1 MuiPaper-outlined MuiPaper-rounded"
      >
        <button
          class="MuiButtonBase-root MuiCardActionArea-root makeStyles-boarder-4"
          tabindex="0"
          type="button"
        >
          <div
            class="MuiCardHeader-root"
          >
            <div
              class="MuiCardHeader-content"
            >
              <span
                class="MuiTypography-root MuiCardHeader-title MuiTypography-h5 MuiTypography-displayBlock"
              >
                Diesel Car
              </span>
            </div>
          </div>
          <div
            class="MuiCardContent-root"
          >
            <div
              class="MuiTypography-root makeStyles-smallEmoji-3 MuiTypography-body1"
            >
              ðŸš˜ðŸ‡©
            </div>
          </div>
          <span
            class="MuiCardActionArea-focusHighlight"
          />
          <span
            class="MuiTouchRipple-root"
          />
        </button>
      </div>
    </div>
    <div
      class="MuiGrid-root MuiGrid-item MuiGrid-grid-xs-12 MuiGrid-grid-sm-3"
    >
      <div
        class="MuiPaper-root MuiCard-root makeStyles-root-1 MuiPaper-outlined MuiPaper-rounded"
      >
        <button
          class="MuiButtonBase-root MuiCardActionArea-root makeStyles-boarder-4"
          tabindex="0"
          type="button"
        >
          <div
            class="MuiCardHeader-root"
          >
            <div
              class="MuiCardHeader-content"
            >
              <span
                class="MuiTypography-root MuiCardHeader-title MuiTypography-h5 MuiTypography-displayBlock"
              >
                Electric Car
              </span>
            </div>
          </div>
          <div
            class="MuiCardContent-root"
          >
            <div
              class="MuiTypography-root makeStyles-smallEmoji-3 MuiTypography-body1"
            >
              ðŸš˜âš¡
            </div>
          </div>
          <span
            class="MuiCardActionArea-focusHighlight"
          />
          <span
            class="MuiTouchRipple-root"
          />
        </button>
      </div>
    </div>
  </div>
</div>
`;
